<html>
<body>
<pre>
<h1>µVision Build Log</h1>
<h2>Tool Versions:</h2>
IDE-Version: ¦ÌVision V5.24.2.86
Copyright (C) 2017 ARM Ltd and ARM Germany GmbH. All rights reserved.
License Information: Eve Administrator, No, LIC=32B1Q-N7GMV-017P1-CVCY3-7UGXB-UE4EM
 
Tool Versions:
Toolchain:       MDK-ARM Plus  Version: 5.34.0.0
Toolchain Path:  D:\Program Files (x86)\Keil_v5\ARM\ARMCC\Bin
C Compiler:      Armcc.exe V5.06 update 7 (build 960)
Assembler:       Armasm.exe V5.06 update 7 (build 960)
Linker/Locator:  ArmLink.exe V5.06 update 7 (build 960)
Library Manager: ArmAr.exe V5.06 update 7 (build 960)
Hex Converter:   FromElf.exe V5.06 update 7 (build 960)
CPU DLL:         SARMCM3.DLL V5.34.0.0
Dialog DLL:      DCM.DLL V1.17.3.0
Target DLL:      Segger\JL2CM3.dll V2.99.15.0
Dialog DLL:      TCM.DLL V1.48.0.0
 
<h2>Project:</h2>
D:\MyWork\WorkProject\LightRoadSign\RoadSign_rrt(202502121417)_at\bsp\mdk_v5\RoadSign.uvprojx
Project File Date:  02/13/2025

<h2>Output:</h2>
*** Using Compiler 'V5.06 update 7 (build 960)', folder: 'D:\Program Files (x86)\Keil_v5\ARM\ARMCC\Bin'
Build target 'rt_thread_at32f437'
compiling usbh_int.c...
..\libraries\rt_drivers\config\f435_437/usb_config.h(62): warning:  #47-D: incompatible redefinition of macro "USB_HOST_CHANNEL_NUM"  (declared at line 377 of "..\libraries\AT32F435_437_Firmware_Library\drivers\inc\at32f435_437_usb.h")
  #define USB_HOST_CHANNEL_NUM            8//16
..\libraries\usbotg_library\src\usbh_int.c: 1 warning, 0 errors
linking...
Program Size: Code=241974 RO-data=18018 RW-data=2372 ZI-data=57684  
FromELF: creating hex file...
".\Objects\RoadSign.axf" - 0 Error(s), 1 Warning(s).

<h2>Software Packages used:</h2>

Package Vendor: ArteryTek
                
                ArteryTek.AT32F435_437_DFP.2.1.3
                ArteryTek AT32F4 Series Device Support,Drivers

<h2>Collection of Component include folders:</h2>
  .\RTE\_rt_thread_at32f437
  D:\Program Files (x86)\Keil_v5\Arm\Packs\ArteryTek\AT32F435_437_DFP\2.1.3\Device\Include

<h2>Collection of Component Files used:</h2>
Build Time Elapsed:  00:00:11
</pre>
</body>
</html>
